== make_segment ==
0000  Constant          0  ; 1
0003  Constant          1  ; 2
0006  Constant          2  ; 3
0009  Constant          3  ; 4
0012  Return            width=4
0015  Return            width=0
== second_point_y ==
0000  GetLocal          slot=4 width=1
0005  GetLocalIndexed   base=0 stride=2 size=2 extra=1 width=1
0018  Return            width=1
0021  Return            width=0
== in_range ==
0000  GetLocal          slot=0 width=1
0005  GetLocal          slot=1 width=1
0010  GreaterEq
0011  JumpIfFalseNoPop  ->0030
0016  Pop               width=1
0019  GetLocal          slot=0 width=1
0024  GetLocal          slot=2 width=1
0029  Less
0030  JumpIfFalse       ->0046
0035  Constant          0  ; true
0038  Return            width=1
0041  Jump              ->0052
0046  Constant          1  ; false
0049  Return            width=1
0052  Return            width=0
== sum_while ==
0000  Constant          0  ; 0
0003  Constant          1  ; 0
0006  GetLocal          slot=2 width=1
0011  GetLocal          slot=0 width=1
0016  Less
0017  JumpIfFalse       ->0057
0022  GetLocal          slot=1 width=1
0027  GetLocal          slot=2 width=1
0032  Add
0033  SetLocal          slot=1 width=1
0038  GetLocal          slot=2 width=1
0043  Constant          2  ; 1
0046  Add
0047  SetLocal          slot=2 width=1
0052  Jump              ->0006
0057  GetLocal          slot=1 width=1
0062  Return            width=1
0065  Pop               width=2
0068  Return            width=0
== main ==
0000  Call              fn=0(make_segment) args=0 ret=4
0007  GetLocal          slot=0 width=4
0012  Constant          0  ; 1
0015  Call              fn=1(second_point_y) args=5 ret=1
0022  CallPrint         argc=1
0025  Constant          1  ; 5
0028  Constant          2  ; 0
0031  Constant          3  ; 10
0034  Call              fn=2(in_range) args=3 ret=1
0041  CallPrint         argc=1
0044  Constant          4  ; 5
0047  Call              fn=3(sum_while) args=1 ret=1
0054  CallPrint         argc=1
0057  Pop               width=4
0060  Return            width=0
